yarn run v1.22.22
$ tsc --noEmit
src/components/AnalyticsDashboard.tsx(16,3): error TS2459: Module '"../services/AnalyticsService"' declares 'ProductAnalytics' locally, but it is not exported.
src/components/DemoPOSInterface.tsx(405,16): error TS2304: Cannot find name 'scaleSpacing'.
src/components/DemoPOSInterface.tsx(410,14): error TS2304: Cannot find name 'scaleSpacing'.
src/components/DemoPOSInterface.tsx(419,15): error TS2304: Cannot find name 'scaleSpacing'.
src/components/DemoPOSInterface.tsx(420,13): error TS2304: Cannot find name 'scaleSpacing'.
src/components/DemoPOSInterface.tsx(430,23): error TS2304: Cannot find name 'scaleSpacing'.
src/components/DemoPOSInterface.tsx(431,16): error TS2304: Cannot find name 'scaleSpacing'.
src/components/DemoPOSInterface.tsx(432,19): error TS2304: Cannot find name 'scaleSpacing'.
src/components/DemoPOSInterface.tsx(436,24): error TS2304: Cannot find name 'scaleSpacing'.
src/components/DemoPOSInterface.tsx(442,20): error TS2304: Cannot find name 'scaleSpacing'.
src/components/DemoPOSInterface.tsx(446,13): error TS2304: Cannot find name 'scaleSpacing'.
src/components/DemoPOSInterface.tsx(453,19): error TS2304: Cannot find name 'scaleSpacing'.
src/components/DemoPOSInterface.tsx(456,12): error TS2304: Cannot find name 'scaleSpacing'.
src/components/DemoPOSInterface.tsx(457,13): error TS2304: Cannot find name 'scaleSpacing'.
src/components/DemoPOSInterface.tsx(467,19): error TS2304: Cannot find name 'scaleSpacing'.
src/components/DemoPOSInterface.tsx(472,19): error TS2304: Cannot find name 'scaleSpacing'.
src/components/DemoPOSInterface.tsx(491,12): error TS2304: Cannot find name 'scaleSpacing'.
src/components/DemoPOSInterface.tsx(492,13): error TS2304: Cannot find name 'scaleSpacing'.
src/components/DemoPOSInterface.tsx(499,12): error TS2304: Cannot find name 'scaleSpacing'.
src/components/DemoPOSInterface.tsx(501,13): error TS2304: Cannot find name 'scaleSpacing'.
src/components/DemoPOSInterface.tsx(502,12): error TS2304: Cannot find name 'scaleSpacing'.
src/components/DemoPOSInterface.tsx(509,14): error TS2304: Cannot find name 'scaleSpacing'.
src/components/DemoPOSInterface.tsx(527,14): error TS2304: Cannot find name 'scaleSpacing'.
src/components/DemoPOSInterface.tsx(533,16): error TS2304: Cannot find name 'scaleSpacing'.
src/components/DemoPOSInterface.tsx(539,16): error TS2304: Cannot find name 'scaleSpacing'.
src/components/DemoPOSInterface.tsx(544,14): error TS2304: Cannot find name 'scaleSpacing'.
src/components/DemoPOSInterface.tsx(547,13): error TS2304: Cannot find name 'scaleSpacing'.
src/components/DemoPOSInterface.tsx(548,16): error TS2304: Cannot find name 'scaleSpacing'.
src/components/DemoPOSInterface.tsx(559,14): error TS2304: Cannot find name 'scaleSpacing'.
src/components/DemoPOSInterface.tsx(573,14): error TS2304: Cannot find name 'scaleSpacing'.
src/components/DemoPOSInterface.tsx(576,13): error TS2304: Cannot find name 'scaleSpacing'.
src/components/DemoPOSInterface.tsx(577,16): error TS2304: Cannot find name 'scaleSpacing'.
src/components/DemoPOSInterface.tsx(581,19): error TS2304: Cannot find name 'scaleSpacing'.
src/components/DemoPOSInterface.tsx(587,19): error TS2304: Cannot find name 'scaleSpacing'.
src/components/DemoPOSInterface.tsx(591,18): error TS2304: Cannot find name 'scaleSpacing'.
src/components/DemoPOSInterface.tsx(601,16): error TS2304: Cannot find name 'scaleSpacing'.
src/components/DemoPOSInterface.tsx(606,10): error TS2304: Cannot find name 'scaleSpacing'.
src/components/DemoPOSInterface.tsx(613,12): error TS2304: Cannot find name 'scaleSpacing'.
src/components/DemoPOSInterface.tsx(614,13): error TS2304: Cannot find name 'scaleSpacing'.
src/components/DemoPOSInterface.tsx(622,15): error TS2304: Cannot find name 'scaleSpacing'.
src/components/DemoPOSInterface.tsx(636,19): error TS2304: Cannot find name 'scaleSpacing'.
src/components/DemoPOSInterface.tsx(650,17): error TS2304: Cannot find name 'scaleSpacing'.
src/components/DemoPOSInterface.tsx(651,19): error TS2304: Cannot find name 'scaleSpacing'.
src/components/POSInterface.tsx(156,9): error TS2345: Argument of type 'CartItem[]' is not assignable to parameter of type 'CartItemInput[]'.
  Type 'CartItem' is missing the following properties from type 'CartItemInput': productId, unitPrice
src/components/POSInterface.tsx(165,22): error TS2345: Argument of type 'RetailTransaction' is not assignable to parameter of type 'SetStateAction<Sale | null>'.
  Type 'RetailTransaction' is missing the following properties from type 'Sale': timestamp, subtotal, tax, discount, and 3 more.
src/components/RecentTransactions.tsx(142,27): error TS2339: Property 'timestamp' does not exist on type 'RetailTransaction'.
src/components/RecentTransactions.tsx(142,51): error TS2339: Property 'timestamp' does not exist on type 'RetailTransaction'.
src/components/RecentTransactions.tsx(145,23): error TS2345: Argument of type 'RetailTransaction[]' is not assignable to parameter of type 'SetStateAction<Sale[]>'.
  Type 'RetailTransaction[]' is not assignable to type 'Sale[]'.
    Type 'RetailTransaction' is missing the following properties from type 'Sale': timestamp, subtotal, tax, discount, and 3 more.
src/components/ui/__tests__/Button.test.tsx(146,9): error TS2322: Type '{ title: string; onPress: Mock<any, any, any>; fullWidth: true; testID: string; }' is not assignable to type 'IntrinsicAttributes & ButtonProps'.
  Property 'testID' does not exist on type 'IntrinsicAttributes & ButtonProps'.
src/components/ui/__tests__/Button.test.tsx(168,9): error TS2322: Type '{ title: string; onPress: Mock<any, any, any>; style: { backgroundColor: string; }; textStyle: { fontSize: number; }; testID: string; }' is not assignable to type 'IntrinsicAttributes & ButtonProps'.
  Property 'testID' does not exist on type 'IntrinsicAttributes & ButtonProps'.
src/components/ui/__tests__/Button.test.tsx(193,9): error TS2322: Type '{ title: string; onPress: Mock<any, any, any>; disabled: true; testID: string; }' is not assignable to type 'IntrinsicAttributes & ButtonProps'.
  Property 'testID' does not exist on type 'IntrinsicAttributes & ButtonProps'.
src/screens/reports/AnalyticsScreen.tsx(153,41): error TS2322: Type '{ color: string; }' is not assignable to type 'ViewStyle | Falsy | RegisteredStyle<ViewStyle> | RecursiveArray<ViewStyle | Falsy | RegisteredStyle<ViewStyle>> | readonly (ViewStyle | ... 1 more ... | RegisteredStyle<...>)[]'.
src/screens/reports/AnalyticsScreen.tsx(188,15): error TS18048: 'state.salesAnalytics.growth_rate' is possibly 'undefined'.
src/screens/reports/AnalyticsScreen.tsx(190,30): error TS2345: Argument of type 'number | undefined' is not assignable to parameter of type 'number'.
  Type 'undefined' is not assignable to type 'number'.
src/services/AnalyticsService.ts(90,65): error TS2551: Property 'total' does not exist on type 'RetailTransaction'. Did you mean 'totals'?
src/services/AnalyticsService.ts(91,61): error TS2339: Property 'tax' does not exist on type 'RetailTransaction'.
src/services/AnalyticsService.ts(102,7): error TS7053: Element implicitly has an 'any' type because expression of type 'any' can't be used to index type '{ cash: { count: number; amount: number; }; card: { count: number; amount: number; }; digital: { count: number; amount: number; }; }'.
src/services/AnalyticsService.ts(102,27): error TS2339: Property 'paymentMethod' does not exist on type 'RetailTransaction'.
src/services/AnalyticsService.ts(103,7): error TS7053: Element implicitly has an 'any' type because expression of type 'any' can't be used to index type '{ cash: { count: number; amount: number; }; card: { count: number; amount: number; }; digital: { count: number; amount: number; }; }'.
src/services/AnalyticsService.ts(103,27): error TS2339: Property 'paymentMethod' does not exist on type 'RetailTransaction'.
src/services/AnalyticsService.ts(103,57): error TS2551: Property 'total' does not exist on type 'RetailTransaction'. Did you mean 'totals'?
src/services/AnalyticsService.ts(121,65): error TS2551: Property 'total' does not exist on type 'RetailTransaction'. Did you mean 'totals'?
src/services/AnalyticsService.ts(122,61): error TS2339: Property 'tax' does not exist on type 'RetailTransaction'.
src/services/AnalyticsService.ts(123,66): error TS2339: Property 'discount' does not exist on type 'RetailTransaction'.
src/services/AnalyticsService.ts(134,7): error TS7053: Element implicitly has an 'any' type because expression of type 'any' can't be used to index type '{ cash: { count: number; amount: number; percentage: number; }; card: { count: number; amount: number; percentage: number; }; digital: { count: number; amount: number; percentage: number; }; }'.
src/services/AnalyticsService.ts(134,29): error TS2339: Property 'paymentMethod' does not exist on type 'RetailTransaction'.
src/services/AnalyticsService.ts(135,7): error TS7053: Element implicitly has an 'any' type because expression of type 'any' can't be used to index type '{ cash: { count: number; amount: number; percentage: number; }; card: { count: number; amount: number; percentage: number; }; digital: { count: number; amount: number; percentage: number; }; }'.
src/services/AnalyticsService.ts(135,29): error TS2339: Property 'paymentMethod' does not exist on type 'RetailTransaction'.
src/services/AnalyticsService.ts(135,59): error TS2551: Property 'total' does not exist on type 'RetailTransaction'. Did you mean 'totals'?
src/services/AnalyticsService.ts(175,28): error TS2345: Argument of type 'string | undefined' is not assignable to parameter of type 'string'.
  Type 'undefined' is not assignable to type 'string'.
src/services/AnalyticsService.ts(176,43): error TS2345: Argument of type 'string | undefined' is not assignable to parameter of type 'string'.
  Type 'undefined' is not assignable to type 'string'.
src/services/AnalyticsService.ts(178,41): error TS2339: Property 'price' does not exist on type 'SaleLineItem'.
src/services/AnalyticsService.ts(182,26): error TS2345: Argument of type 'string | undefined' is not assignable to parameter of type 'string'.
  Type 'undefined' is not assignable to type 'string'.
src/services/AnalyticsService.ts(184,31): error TS2339: Property 'name' does not exist on type 'SaleLineItem'.
src/services/AnalyticsService.ts(186,32): error TS2339: Property 'price' does not exist on type 'SaleLineItem'.
src/services/AnalyticsService.ts(187,32): error TS2339: Property 'price' does not exist on type 'SaleLineItem'.
src/services/AnalyticsService.ts(234,25): error TS2339: Property 'timestamp' does not exist on type 'RetailTransaction'.
src/services/AnalyticsService.ts(236,40): error TS2551: Property 'total' does not exist on type 'RetailTransaction'. Did you mean 'totals'?
src/services/AnalyticsService.ts(372,65): error TS2551: Property 'total' does not exist on type 'RetailTransaction'. Did you mean 'totals'?
src/services/AnalyticsService.ts(381,55): error TS2345: Argument of type 'string | undefined' is not assignable to parameter of type 'number'.
  Type 'undefined' is not assignable to type 'number'.
src/services/AnalyticsService.ts(400,81): error TS2551: Property 'total' does not exist on type 'RetailTransaction'. Did you mean 'totals'?
src/services/AnalyticsService.ts(434,57): error TS2345: Argument of type 'string | undefined' is not assignable to parameter of type 'number'.
  Type 'undefined' is not assignable to type 'number'.
src/services/AnalyticsService.ts(536,55): error TS2345: Argument of type 'string | undefined' is not assignable to parameter of type 'number'.
  Type 'undefined' is not assignable to type 'number'.
src/services/AnalyticsService.ts(579,67): error TS2551: Property 'total' does not exist on type 'RetailTransaction'. Did you mean 'totals'?
src/services/AnalyticsService.ts(712,38): error TS2339: Property 'timestamp' does not exist on type 'RetailTransaction'.
src/services/AnalyticsService.ts(750,34): error TS2339: Property 'timestamp' does not exist on type 'RetailTransaction'.
src/services/AnalyticsService.ts(751,61): error TS2551: Property 'total' does not exist on type 'RetailTransaction'. Did you mean 'totals'?
src/services/BusinessConfigService.ts(2,10): error TS2724: '"./StorageService"' has no exported member named 'StorageService'. Did you mean 'storageService'?
src/services/CloudBackupService.ts(8,10): error TS2724: '"./StorageService"' has no exported member named 'StorageService'. Did you mean 'storageService'?
src/services/CloudBackupService.ts(268,34): error TS2339: Property 'addProduct' does not exist on type 'ProductService'.
src/services/CloudBackupService.ts(294,47): error TS2339: Property 'getCurrentUser' does not exist on type 'AuthService'.
src/services/CloudBackupService.ts(295,67): error TS2554: Expected 1 arguments, but got 2.
src/services/CloudBackupService.ts(348,5): error TS2322: Type 'number' is not assignable to type 'Timeout'.
src/services/CloudBackupService.ts(486,45): error TS2339: Property 'getCurrentUser' does not exist on type 'AuthService'.
src/services/CloudNetworkService.ts(89,5): error TS2322: Type 'number' is not assignable to type 'Timeout'.
src/services/CloudNetworkService.ts(145,11): error TS2393: Duplicate function implementation.
src/services/CloudNetworkService.ts(203,10): error TS2393: Duplicate function implementation.
src/services/CloudNetworkService.ts(318,7): error TS2322: Type 'number' is not assignable to type 'Timeout'.
src/services/CloudSyncService.ts(15,10): error TS2724: '"./StorageService"' has no exported member named 'StorageService'. Did you mean 'storageService'?
src/services/CloudSyncService.ts(220,63): error TS2304: Cannot find name 'operations'.
src/services/CloudSyncService.ts(476,31): error TS2367: This comparison appears to be unintentional because the types '"use_local" | "use_cloud" | "merge"' and '"manual"' have no overlap.
src/services/DatabaseInitService.ts(47,33): error TS2339: Property 'seedProducts' does not exist on type 'SeedDataService'.
src/services/DocumentService.ts(17,10): error TS2724: '"./StorageService"' has no exported member named 'StorageService'. Did you mean 'storageService'?
src/services/DocumentService.ts(235,39): error TS7006: Parameter 'key' implicitly has an 'any' type.
src/services/DocumentService.ts(262,39): error TS7006: Parameter 'key' implicitly has an 'any' type.
src/services/SeedDataService.ts(32,11): error TS2353: Object literal may only specify known properties, and 'category' does not exist in type 'Omit<Product, "id">'.
src/services/SeedDataService.ts(43,11): error TS2353: Object literal may only specify known properties, and 'category' does not exist in type 'Omit<Product, "id">'.
src/services/SeedDataService.ts(54,11): error TS2353: Object literal may only specify known properties, and 'category' does not exist in type 'Omit<Product, "id">'.
src/services/SeedDataService.ts(65,11): error TS2353: Object literal may only specify known properties, and 'category' does not exist in type 'Omit<Product, "id">'.
src/services/SeedDataService.ts(76,11): error TS2353: Object literal may only specify known properties, and 'category' does not exist in type 'Omit<Product, "id">'.
src/services/SeedDataService.ts(87,11): error TS2353: Object literal may only specify known properties, and 'category' does not exist in type 'Omit<Product, "id">'.
src/services/SeedDataService.ts(98,11): error TS2353: Object literal may only specify known properties, and 'category' does not exist in type 'Omit<Product, "id">'.
src/services/SeedDataService.ts(109,11): error TS2353: Object literal may only specify known properties, and 'category' does not exist in type 'Omit<Product, "id">'.
src/services/SeedDataService.ts(120,11): error TS2353: Object literal may only specify known properties, and 'category' does not exist in type 'Omit<Product, "id">'.
src/services/SeedDataService.ts(131,11): error TS2353: Object literal may only specify known properties, and 'category' does not exist in type 'Omit<Product, "id">'.
src/services/SeedDataService.ts(141,30): error TS2339: Property 'addProduct' does not exist on type 'ProductService'.
src/services/SeedDataService.ts(230,7): error TS2353: Object literal may only specify known properties, and 'category' does not exist in type 'Omit<Product, "id">'.
src/services/SeedDataService.ts(235,33): error TS2339: Property 'addProduct' does not exist on type 'ProductService'.
src/services/SyncService.ts(154,5): error TS2322: Type 'number' is not assignable to type 'Timeout'.
src/utils/ux.ts(194,7): error TS2322: Type 'number' is not assignable to type 'Timeout'.
src/utils/ux.ts(226,9): error TS2322: Type 'number' is not assignable to type 'Timeout'.
info Visit https://yarnpkg.com/en/docs/cli/run for documentation about this command.
